// Jest Snapshot v1, https://goo.gl/fbAQLP

exports[`AllOrders Snapshot 1`] = `
<div
  className="transparent-container "
>
  <div
    className=""
  >
    <div
      className=""
    >
      <div
        className=""
      >
        <div
          className=""
        >
          <p
            className=""
          >
            Order 1
          </p>
        </div>
      </div>
      <div
        className=""
      >
        <div
          className=""
        >
          <img
            className=""
            src="pizza.png"
          />
        </div>
      </div>
    </div>
    <div
      className=""
    >
      <div
        className=""
      >
        <div
          className=""
        >
          <div
            className=""
          >
            <div
              className=""
            >
              <p
                className=""
              >
                Table 1
              </p>
            </div>
          </div>
          <div
            className=""
          >
            <div
              className=""
            >
              <p
                className=""
              >
                Crust: NORMAL
              </p>
            </div>
          </div>
          <div
            className=""
          >
            <div
              className=""
            >
              <p
                className=""
              >
                Flavor: BEEF-NORMAL
              </p>
            </div>
          </div>
          <div
            className=""
          >
            <div
              className=""
            >
              <p
                className=""
              >
                Size: M
              </p>
            </div>
          </div>
        </div>
      </div>
    </div>
    <div
      className=""
    >
      <button
        className=""
        onClick={[Function]}
      >
        <svg
          className=""
          onMouseEnter={[Function]}
          onMouseLeave={[Function]}
          viewBox="0 0 24 24"
        >
          <path
            d="M5,7 L4,7 C3.44771525,7 3,6.55228475 3,6 C3,5.44771525 3.44771525,5 4,5 L8,5 L8,3 C8,2.44771525 8.44771525,2 9,2 L15,2 C15.5522847,2 16,2.44771525 16,3 L16,5 L20,5 C20.5522847,5 21,5.44771525 21,6 C21,6.55228475 20.5522847,7 20,7 L19,7 L19,20.5 C19,21.3284271 18.3284271,22 17.5,22 L6.5,22 C5.67157288,22 5,21.3284271 5,20.5 L5,7 Z M11,17 L11,11 C11,10.4477153 10.5522847,10 10,10 C9.44771525,10 9,10.4477153 9,11 L9,17 C9,17.5522847 9.44771525,18 10,18 C10.5522847,18 11,17.5522847 11,17 Z M15,17 L15,11 C15,10.4477153 14.5522847,10 14,10 C13.4477153,10 13,10.4477153 13,11 L13,17 C13,17.5522847 13.4477153,18 14,18 C14.5522847,18 15,17.5522847 15,17 Z"
            fill="#FFFFFF"
            fillRule="evenodd"
          />
        </svg>
      </button>
    </div>
  </div>
</div>
`;
