// Jest Snapshot v1, https://goo.gl/fbAQLP

exports[`AllOrders Snapshot 1`] = `
<div
  className=""
>
  <div
    className=""
  >
    <div
      className=""
      onMouseEnter={[Function]}
      onMouseLeave={[Function]}
    >
      <div
        className=""
        onClick={[Function]}
        onKeyDown={[Function]}
        tabIndex="0"
      >
        crust
        <svg
          className=""
          onMouseEnter={[Function]}
          onMouseLeave={[Function]}
          viewBox="0 0 24 24"
        >
          <path
            d="M12,13.5857864 L16.2928932,9.29289322 C16.6834175,8.90236893 17.3165825,8.90236893 17.7071068,9.29289322 C18.0976311,9.68341751 18.0976311,10.3165825 17.7071068,10.7071068 L12.7071068,15.7071068 C12.3165825,16.0976311 11.6834175,16.0976311 11.2928932,15.7071068 L6.29289322,10.7071068 C5.90236893,10.3165825 5.90236893,9.68341751 6.29289322,9.29289322 C6.68341751,8.90236893 7.31658249,8.90236893 7.70710678,9.29289322 L12,13.5857864 Z"
            fill="#505256"
            fillRule="evenodd"
          />
        </svg>
      </div>
    </div>
    <div
      className=""
      onMouseEnter={[Function]}
      onMouseLeave={[Function]}
    >
      <div
        className=""
        onClick={[Function]}
        onKeyDown={[Function]}
        tabIndex="0"
      >
        flavor
        <svg
          className=""
          onMouseEnter={[Function]}
          onMouseLeave={[Function]}
          viewBox="0 0 24 24"
        >
          <path
            d="M12,13.5857864 L16.2928932,9.29289322 C16.6834175,8.90236893 17.3165825,8.90236893 17.7071068,9.29289322 C18.0976311,9.68341751 18.0976311,10.3165825 17.7071068,10.7071068 L12.7071068,15.7071068 C12.3165825,16.0976311 11.6834175,16.0976311 11.2928932,15.7071068 L6.29289322,10.7071068 C5.90236893,10.3165825 5.90236893,9.68341751 6.29289322,9.29289322 C6.68341751,8.90236893 7.31658249,8.90236893 7.70710678,9.29289322 L12,13.5857864 Z"
            fill="#505256"
            fillRule="evenodd"
          />
        </svg>
      </div>
    </div>
    <div
      className=""
      onMouseEnter={[Function]}
      onMouseLeave={[Function]}
    >
      <div
        className=""
        onClick={[Function]}
        onKeyDown={[Function]}
        tabIndex="0"
      >
        size
        <svg
          className=""
          onMouseEnter={[Function]}
          onMouseLeave={[Function]}
          viewBox="0 0 24 24"
        >
          <path
            d="M12,13.5857864 L16.2928932,9.29289322 C16.6834175,8.90236893 17.3165825,8.90236893 17.7071068,9.29289322 C18.0976311,9.68341751 18.0976311,10.3165825 17.7071068,10.7071068 L12.7071068,15.7071068 C12.3165825,16.0976311 11.6834175,16.0976311 11.2928932,15.7071068 L6.29289322,10.7071068 C5.90236893,10.3165825 5.90236893,9.68341751 6.29289322,9.29289322 C6.68341751,8.90236893 7.31658249,8.90236893 7.70710678,9.29289322 L12,13.5857864 Z"
            fill="#505256"
            fillRule="evenodd"
          />
        </svg>
      </div>
    </div>
    <div
      className=""
    >
      <input
        className=""
        d="flex"
        m={
          Object {
            "l": "0.5rem",
            "r": "0.5rem",
          }
        }
        name="tableNo"
        onChange={[Function]}
        placeholder="Table #"
        type="number"
      />
    </div>
    <button
      className=""
      onClick={[Function]}
    >
      Clear All
    </button>
  </div>
</div>
`;
