// Jest Snapshot v1, https://goo.gl/fbAQLP

exports[`NewOrder Snapshot 1`] = `
<div
  className=""
>
  <h2
    className=""
  >
    New Pizza Order
  </h2>
  <form
    id="newOrder"
    onSubmit={[Function]}
  >
    <div
      className="transparent-container "
    >
      <h3
        className=""
      >
        Pizza #
        1
      </h3>
      <div
        className=""
      >
        <div
          className=""
        >
          <p
            className=""
          >
            Pick your Crust:
          </p>
          <div
            className=""
          >
            <label
              className=""
              tabIndex="0"
            >
              <input
                checked={false}
                className=""
                cursor="pointer"
                name="crust"
                onChange={[Function]}
                type="radio"
              />
              <svg
                className=""
                onMouseEnter={[Function]}
                onMouseLeave={[Function]}
                viewBox="0 0 24 24"
              >
                <path
                  d="M12,20 C16.418278,20 20,16.418278 20,12 C20,7.581722 16.418278,4 12,4 C7.581722,4 4,7.581722 4,12 C4,16.418278 7.581722,20 12,20 Z M12,22 C6.4771525,22 2,17.5228475 2,12 C2,6.4771525 6.4771525,2 12,2 C17.5228475,2 22,6.4771525 22,12 C22,17.5228475 17.5228475,22 12,22 Z"
                  fill="#FABEAA"
                />
              </svg>
              Original
            </label>
            <label
              className=""
              tabIndex="0"
            >
              <input
                checked={false}
                className=""
                cursor="pointer"
                name="crust"
                onChange={[Function]}
                type="radio"
              />
              <svg
                className=""
                onMouseEnter={[Function]}
                onMouseLeave={[Function]}
                viewBox="0 0 24 24"
              >
                <path
                  d="M12,20 C16.418278,20 20,16.418278 20,12 C20,7.581722 16.418278,4 12,4 C7.581722,4 4,7.581722 4,12 C4,16.418278 7.581722,20 12,20 Z M12,22 C6.4771525,22 2,17.5228475 2,12 C2,6.4771525 6.4771525,2 12,2 C17.5228475,2 22,6.4771525 22,12 C22,17.5228475 17.5228475,22 12,22 Z"
                  fill="#FABEAA"
                />
              </svg>
              Thin
            </label>
            <label
              className=""
              tabIndex="0"
            >
              <input
                checked={false}
                className=""
                cursor="pointer"
                name="crust"
                onChange={[Function]}
                type="radio"
              />
              <svg
                className=""
                onMouseEnter={[Function]}
                onMouseLeave={[Function]}
                viewBox="0 0 24 24"
              >
                <path
                  d="M12,20 C16.418278,20 20,16.418278 20,12 C20,7.581722 16.418278,4 12,4 C7.581722,4 4,7.581722 4,12 C4,16.418278 7.581722,20 12,20 Z M12,22 C6.4771525,22 2,17.5228475 2,12 C2,6.4771525 6.4771525,2 12,2 C17.5228475,2 22,6.4771525 22,12 C22,17.5228475 17.5228475,22 12,22 Z"
                  fill="#FABEAA"
                />
              </svg>
              Stuffed
            </label>
            <label
              className=""
              tabIndex="0"
            >
              <input
                checked={false}
                className=""
                cursor="pointer"
                name="crust"
                onChange={[Function]}
                type="radio"
              />
              <svg
                className=""
                onMouseEnter={[Function]}
                onMouseLeave={[Function]}
                viewBox="0 0 24 24"
              >
                <path
                  d="M12,20 C16.418278,20 20,16.418278 20,12 C20,7.581722 16.418278,4 12,4 C7.581722,4 4,7.581722 4,12 C4,16.418278 7.581722,20 12,20 Z M12,22 C6.4771525,22 2,17.5228475 2,12 C2,6.4771525 6.4771525,2 12,2 C17.5228475,2 22,6.4771525 22,12 C22,17.5228475 17.5228475,22 12,22 Z"
                  fill="#FABEAA"
                />
              </svg>
              Deepdish
            </label>
          </div>
        </div>
        <div
          className=""
        >
          <p
            className=""
          >
            Pick your Flavor:
          </p>
          <div
            className=""
          >
            <label
              className=""
              tabIndex="0"
            >
              <input
                checked={false}
                className=""
                cursor="pointer"
                name="flavor"
                onChange={[Function]}
                type="radio"
              />
              <svg
                className=""
                onMouseEnter={[Function]}
                onMouseLeave={[Function]}
                viewBox="0 0 24 24"
              >
                <path
                  d="M12,20 C16.418278,20 20,16.418278 20,12 C20,7.581722 16.418278,4 12,4 C7.581722,4 4,7.581722 4,12 C4,16.418278 7.581722,20 12,20 Z M12,22 C6.4771525,22 2,17.5228475 2,12 C2,6.4771525 6.4771525,2 12,2 C17.5228475,2 22,6.4771525 22,12 C22,17.5228475 17.5228475,22 12,22 Z"
                  fill="#FABEAA"
                />
              </svg>
              Cheese
            </label>
            <label
              className=""
              tabIndex="0"
            >
              <input
                checked={false}
                className=""
                cursor="pointer"
                name="flavor"
                onChange={[Function]}
                type="radio"
              />
              <svg
                className=""
                onMouseEnter={[Function]}
                onMouseLeave={[Function]}
                viewBox="0 0 24 24"
              >
                <path
                  d="M12,20 C16.418278,20 20,16.418278 20,12 C20,7.581722 16.418278,4 12,4 C7.581722,4 4,7.581722 4,12 C4,16.418278 7.581722,20 12,20 Z M12,22 C6.4771525,22 2,17.5228475 2,12 C2,6.4771525 6.4771525,2 12,2 C17.5228475,2 22,6.4771525 22,12 C22,17.5228475 17.5228475,22 12,22 Z"
                  fill="#FABEAA"
                />
              </svg>
              Pepperoni
            </label>
            <label
              className=""
              tabIndex="0"
            >
              <input
                checked={false}
                className=""
                cursor="pointer"
                name="flavor"
                onChange={[Function]}
                type="radio"
              />
              <svg
                className=""
                onMouseEnter={[Function]}
                onMouseLeave={[Function]}
                viewBox="0 0 24 24"
              >
                <path
                  d="M12,20 C16.418278,20 20,16.418278 20,12 C20,7.581722 16.418278,4 12,4 C7.581722,4 4,7.581722 4,12 C4,16.418278 7.581722,20 12,20 Z M12,22 C6.4771525,22 2,17.5228475 2,12 C2,6.4771525 6.4771525,2 12,2 C17.5228475,2 22,6.4771525 22,12 C22,17.5228475 17.5228475,22 12,22 Z"
                  fill="#FABEAA"
                />
              </svg>
              Sausage
            </label>
            <label
              className=""
              tabIndex="0"
            >
              <input
                checked={false}
                className=""
                cursor="pointer"
                name="flavor"
                onChange={[Function]}
                type="radio"
              />
              <svg
                className=""
                onMouseEnter={[Function]}
                onMouseLeave={[Function]}
                viewBox="0 0 24 24"
              >
                <path
                  d="M12,20 C16.418278,20 20,16.418278 20,12 C20,7.581722 16.418278,4 12,4 C7.581722,4 4,7.581722 4,12 C4,16.418278 7.581722,20 12,20 Z M12,22 C6.4771525,22 2,17.5228475 2,12 C2,6.4771525 6.4771525,2 12,2 C17.5228475,2 22,6.4771525 22,12 C22,17.5228475 17.5228475,22 12,22 Z"
                  fill="#FABEAA"
                />
              </svg>
              Supreme
            </label>
          </div>
        </div>
      </div>
      <div
        className=""
      >
        <div
          className=""
        >
          <p
            className=""
          >
            Pick your Size:
          </p>
          <div
            className=""
          >
            <label
              className=""
              tabIndex="0"
            >
              <input
                checked={false}
                className=""
                cursor="pointer"
                name="size"
                onChange={[Function]}
                type="radio"
              />
              <svg
                className=""
                onMouseEnter={[Function]}
                onMouseLeave={[Function]}
                viewBox="0 0 24 24"
              >
                <path
                  d="M12,20 C16.418278,20 20,16.418278 20,12 C20,7.581722 16.418278,4 12,4 C7.581722,4 4,7.581722 4,12 C4,16.418278 7.581722,20 12,20 Z M12,22 C6.4771525,22 2,17.5228475 2,12 C2,6.4771525 6.4771525,2 12,2 C17.5228475,2 22,6.4771525 22,12 C22,17.5228475 17.5228475,22 12,22 Z"
                  fill="#FABEAA"
                />
              </svg>
              Small (12")
            </label>
            <label
              className=""
              tabIndex="0"
            >
              <input
                checked={false}
                className=""
                cursor="pointer"
                name="size"
                onChange={[Function]}
                type="radio"
              />
              <svg
                className=""
                onMouseEnter={[Function]}
                onMouseLeave={[Function]}
                viewBox="0 0 24 24"
              >
                <path
                  d="M12,20 C16.418278,20 20,16.418278 20,12 C20,7.581722 16.418278,4 12,4 C7.581722,4 4,7.581722 4,12 C4,16.418278 7.581722,20 12,20 Z M12,22 C6.4771525,22 2,17.5228475 2,12 C2,6.4771525 6.4771525,2 12,2 C17.5228475,2 22,6.4771525 22,12 C22,17.5228475 17.5228475,22 12,22 Z"
                  fill="#FABEAA"
                />
              </svg>
              Medium (16")
            </label>
            <label
              className=""
              tabIndex="0"
            >
              <input
                checked={false}
                className=""
                cursor="pointer"
                name="size"
                onChange={[Function]}
                type="radio"
              />
              <svg
                className=""
                onMouseEnter={[Function]}
                onMouseLeave={[Function]}
                viewBox="0 0 24 24"
              >
                <path
                  d="M12,20 C16.418278,20 20,16.418278 20,12 C20,7.581722 16.418278,4 12,4 C7.581722,4 4,7.581722 4,12 C4,16.418278 7.581722,20 12,20 Z M12,22 C6.4771525,22 2,17.5228475 2,12 C2,6.4771525 6.4771525,2 12,2 C17.5228475,2 22,6.4771525 22,12 C22,17.5228475 17.5228475,22 12,22 Z"
                  fill="#FABEAA"
                />
              </svg>
              Large (18")
            </label>
          </div>
        </div>
        <div
          className=""
        >
          <p
            className=""
          >
            Table Number:
          </p>
          <div
            className=""
          >
            <div
              className=""
            >
              <input
                className=""
                d="flex"
                name="tableNo"
                onChange={[Function]}
                placeholder="Table #"
                type="number"
              />
            </div>
          </div>
        </div>
      </div>
      <div
        className=""
      >
        <div
          className=""
        >
          <div
            className=""
          >
            <button
              className=""
              onClick={[Function]}
            >
              <svg
                className=""
                onMouseEnter={[Function]}
                onMouseLeave={[Function]}
                viewBox="0 0 24 24"
              >
                <path
                  d="M11,11 L8,11 C7.44771525,11 7,11.4477153 7,12 C7,12.5522847 7.44771525,13 8,13 L11,13 L11,16 C11,16.5522847 11.4477153,17 12,17 C12.5522847,17 13,16.5522847 13,16 L13,13 L16,13 C16.5522847,13 17,12.5522847 17,12 C17,11.4477153 16.5522847,11 16,11 L13,11 L13,8 C13,7.44771525 12.5522847,7 12,7 C11.4477153,7 11,7.44771525 11,8 L11,11 Z M12,22 C6.4771525,22 2,17.5228475 2,12 C2,6.4771525 6.4771525,2 12,2 C17.5228475,2 22,6.4771525 22,12 C22,17.5228475 17.5228475,22 12,22 Z"
                  fill="#FFFFFF"
                  fillRule="evenodd"
                />
              </svg>
            </button>
            <button
              className=""
              onClick={[Function]}
            >
              <svg
                className=""
                onMouseEnter={[Function]}
                onMouseLeave={[Function]}
                viewBox="0 0 24 24"
              >
                <path
                  d="M5,7 L4,7 C3.44771525,7 3,6.55228475 3,6 C3,5.44771525 3.44771525,5 4,5 L8,5 L8,3 C8,2.44771525 8.44771525,2 9,2 L15,2 C15.5522847,2 16,2.44771525 16,3 L16,5 L20,5 C20.5522847,5 21,5.44771525 21,6 C21,6.55228475 20.5522847,7 20,7 L19,7 L19,20.5 C19,21.3284271 18.3284271,22 17.5,22 L6.5,22 C5.67157288,22 5,21.3284271 5,20.5 L5,7 Z M11,17 L11,11 C11,10.4477153 10.5522847,10 10,10 C9.44771525,10 9,10.4477153 9,11 L9,17 C9,17.5522847 9.44771525,18 10,18 C10.5522847,18 11,17.5522847 11,17 Z M15,17 L15,11 C15,10.4477153 14.5522847,10 14,10 C13.4477153,10 13,10.4477153 13,11 L13,17 C13,17.5522847 13.4477153,18 14,18 C14.5522847,18 15,17.5522847 15,17 Z"
                  fill="#FFFFFF"
                  fillRule="evenodd"
                />
              </svg>
            </button>
          </div>
        </div>
      </div>
    </div>
    <button
      className=""
      type="submit"
    >
      Place Order
    </button>
  </form>
</div>
`;
