// Jest Snapshot v1, https://goo.gl/fbAQLP

exports[`App Snapshot 1`] = `
<div
  className="App"
>
  <div
    className="background-opacity"
  >
    <h1
      className=""
    >
      Jimmy's Pizzeria
    </h1>
    <div
      className="transparent-container "
    >
      <h2
        className=""
      >
        Login
      </h2>
      <form
        onSubmit={[Function]}
      >
        <div
          className=""
        >
          <svg
            className=""
            onMouseEnter={[Function]}
            onMouseLeave={[Function]}
            viewBox="0 0 24 24"
          >
            <path
              d="M21,21 L3,21 C3,16.275 6.48532777,14 12,14 C17.5146722,14 21,16.275 21,21 Z M12,12 C9.8,12 8,10.2 8,8 C8,5.8 9.8,4 12,4 C14.2,4 16,5.8 16,8 C16,10.2 14.2,12 12,12 Z"
              fill="#F4541D"
              fillRule="evenodd"
            />
          </svg>
          <input
            className=""
            d="block"
            m={
              Object {
                "l": "auto",
                "r": "auto",
                "t": "0.5rem",
              }
            }
            onChange={[Function]}
            placeholder="Username"
            required={true}
            value=""
          />
        </div>
        <div
          className=""
        >
          <svg
            className=""
            onMouseEnter={[Function]}
            onMouseLeave={[Function]}
            viewBox="0 0 24 24"
          >
            <path
              d="M7,9 L7,8 C7,5.23857625 9.23857625,3 12,3 C14.7614237,3 17,5.23857625 17,8 L17,9 L19,9 C19.5522847,9 20,9.44771525 20,10 L20,20 C20,20.5522847 19.5522847,21 19,21 L5,21 C4.44771525,21 4,20.5522847 4,20 L4,10 C4,9.44771525 4.44771525,9 5,9 L7,9 Z M9,9 L15,9 L15,8 C15,6.34314575 13.6568542,5 12,5 C10.3431458,5 9,6.34314575 9,8 L9,9 Z M12,13 C11.4477153,13 11,13.4477153 11,14 L11,16 C11,16.5522847 11.4477153,17 12,17 C12.5522847,17 13,16.5522847 13,16 L13,14 C13,13.4477153 12.5522847,13 12,13 Z"
              fill="#F4541D"
              fillRule="evenodd"
            />
          </svg>
          <input
            className=""
            d="block"
            m={
              Object {
                "l": "auto",
                "r": "auto",
                "t": "0.5rem",
              }
            }
            onChange={[Function]}
            placeholder="Password"
            required={true}
            type="password"
            value=""
          />
        </div>
        <button
          className=""
          type="submit"
        >
          Login
        </button>
      </form>
    </div>
  </div>
</div>
`;
