// Jest Snapshot v1, https://goo.gl/fbAQLP

exports[`SuccessfulOrder Snapshot 1`] = `
<div
  className="transparent-container "
>
  <h2
    className=""
  >
    Successfully Submitted Order
  </h2>
  <svg
    className=""
    onMouseEnter={[Function]}
    onMouseLeave={[Function]}
    viewBox="0 0 24 24"
  >
    <path
      d="M18.2928932,7.29289322 C18.6834175,6.90236893 19.3165825,6.90236893 19.7071068,7.29289322 C20.0976311,7.68341751 20.0976311,8.31658249 19.7071068,8.70710678 L10.7071068,17.7071068 C10.3165825,18.0976311 9.68341751,18.0976311 9.29289322,17.7071068 L5.29289322,13.7071068 C4.90236893,13.3165825 4.90236893,12.6834175 5.29289322,12.2928932 C5.68341751,11.9023689 6.31658249,11.9023689 6.70710678,12.2928932 L10,15.5857864 L18.2928932,7.29289322 Z"
      fill="#000000"
      fillRule="evenodd"
    />
  </svg>
  <button
    className=""
    onClick={[Function]}
  >
    <svg
      className=""
      onMouseEnter={[Function]}
      onMouseLeave={[Function]}
      viewBox="0 0 24 24"
    >
      <path
        d="M8.41421356,11 L18,11 C18.5522847,11 19,11.4477153 19,12 C19,12.5522847 18.5522847,13 18,13 L8.41421356,13 L11.7071068,16.2928932 C12.0976311,16.6834175 12.0976311,17.3165825 11.7071068,17.7071068 C11.3165825,18.0976311 10.6834175,18.0976311 10.2928932,17.7071068 L5.29289322,12.7071068 C4.90236893,12.3165825 4.90236893,11.6834175 5.29289322,11.2928932 L10.2928932,6.29289322 C10.6834175,5.90236893 11.3165825,5.90236893 11.7071068,6.29289322 C12.0976311,6.68341751 12.0976311,7.31658249 11.7071068,7.70710678 L8.41421356,11 Z"
        fill="#FFFFFF"
        fillRule="evenodd"
      />
    </svg>
    Back To Dashboard
  </button>
</div>
`;
